------------------------------------------------------------
Timing Analyzer Summary
------------------------------------------------------------

Type  : Slow 1200mV 85C Model Setup 'clk'
Slack : -3.643
TNS   : -213.320

Type  : Slow 1200mV 85C Model Setup 'fast_clk'
Slack : -3.142
TNS   : -44.823

Type  : Slow 1200mV 85C Model Hold 'clk'
Slack : 0.434
TNS   : 0.000

Type  : Slow 1200mV 85C Model Hold 'fast_clk'
Slack : 0.454
TNS   : 0.000

Type  : Slow 1200mV 85C Model Minimum Pulse Width 'clk'
Slack : -3.000
TNS   : -142.778

Type  : Slow 1200mV 85C Model Minimum Pulse Width 'fast_clk'
Slack : -1.487
TNS   : -35.688

Type  : Slow 1200mV 0C Model Setup 'clk'
Slack : -3.405
TNS   : -192.856

Type  : Slow 1200mV 0C Model Setup 'fast_clk'
Slack : -2.898
TNS   : -40.157

Type  : Slow 1200mV 0C Model Hold 'clk'
Slack : 0.384
TNS   : 0.000

Type  : Slow 1200mV 0C Model Hold 'fast_clk'
Slack : 0.402
TNS   : 0.000

Type  : Slow 1200mV 0C Model Minimum Pulse Width 'clk'
Slack : -3.000
TNS   : -142.778

Type  : Slow 1200mV 0C Model Minimum Pulse Width 'fast_clk'
Slack : -1.487
TNS   : -35.688

Type  : Fast 1200mV 0C Model Setup 'clk'
Slack : -1.013
TNS   : -38.682

Type  : Fast 1200mV 0C Model Setup 'fast_clk'
Slack : -0.764
TNS   : -7.119

Type  : Fast 1200mV 0C Model Hold 'clk'
Slack : 0.177
TNS   : 0.000

Type  : Fast 1200mV 0C Model Hold 'fast_clk'
Slack : 0.186
TNS   : 0.000

Type  : Fast 1200mV 0C Model Minimum Pulse Width 'clk'
Slack : -3.000
TNS   : -125.866

Type  : Fast 1200mV 0C Model Minimum Pulse Width 'fast_clk'
Slack : -1.000
TNS   : -24.000

------------------------------------------------------------
