Analysis & Synthesis report for uart_5
Fri Aug 22 03:32:59 2025
Quartus Prime Version 21.1.0 Build 842 10/21/2021 SJ Lite Edition


---------------------
; Table of Contents ;
---------------------
  1. Legal Notice
  2. Analysis & Synthesis Summary
  3. Analysis & Synthesis Settings
  4. Parallel Compilation
  5. Analysis & Synthesis Source Files Read
  6. Analysis & Synthesis Resource Usage Summary
  7. Analysis & Synthesis Resource Utilization by Entity
  8. State Machine - |uart_5|current_state
  9. Registers Removed During Synthesis
 10. General Register Statistics
 11. Inverted Register Statistics
 12. Multiplexer Restructuring Statistics (Restructuring Performed)
 13. Parameter Settings for User Entity Instance: baud_gen:baud
 14. Parameter Settings for User Entity Instance: uart_rx:uart_rx_inst
 15. Post-Synthesis Netlist Statistics for Top Partition
 16. Elapsed Time Per Partition
 17. Analysis & Synthesis Messages



----------------
; Legal Notice ;
----------------
Copyright (C) 2021  Intel Corporation. All rights reserved.
Your use of Intel Corporation's design tools, logic functions 
and other software and tools, and any partner logic 
functions, and any output files from any of the foregoing 
(including device programming or simulation files), and any 
associated documentation or information are expressly subject 
to the terms and conditions of the Intel Program License 
Subscription Agreement, the Intel Quartus Prime License Agreement,
the Intel FPGA IP License Agreement, or other applicable license
agreement, including, without limitation, that your use is for
the sole purpose of programming logic devices manufactured by
Intel and sold by Intel or its authorized distributors.  Please
refer to the applicable agreement for further details, at
https://fpgasoftware.intel.com/eula.



+----------------------------------------------------------------------------------+
; Analysis & Synthesis Summary                                                     ;
+------------------------------------+---------------------------------------------+
; Analysis & Synthesis Status        ; Successful - Fri Aug 22 03:32:59 2025       ;
; Quartus Prime Version              ; 21.1.0 Build 842 10/21/2021 SJ Lite Edition ;
; Revision Name                      ; uart_5                                      ;
; Top-level Entity Name              ; uart_5                                      ;
; Family                             ; Cyclone 10 LP                               ;
; Total logic elements               ; 199                                         ;
;     Total combinational functions  ; 143                                         ;
;     Dedicated logic registers      ; 118                                         ;
; Total registers                    ; 118                                         ;
; Total pins                         ; 6                                           ;
; Total virtual pins                 ; 0                                           ;
; Total memory bits                  ; 0                                           ;
; Embedded Multiplier 9-bit elements ; 0                                           ;
; Total PLLs                         ; 0                                           ;
+------------------------------------+---------------------------------------------+


+------------------------------------------------------------------------------------------------------------+
; Analysis & Synthesis Settings                                                                              ;
+------------------------------------------------------------------+--------------------+--------------------+
; Option                                                           ; Setting            ; Default Value      ;
+------------------------------------------------------------------+--------------------+--------------------+
; Device                                                           ; 10CL025YU256C8G    ;                    ;
; Top-level entity name                                            ; uart_5             ; uart_5             ;
; Family name                                                      ; Cyclone 10 LP      ; Cyclone V          ;
; Use smart compilation                                            ; Off                ; Off                ;
; Enable parallel Assembler and Timing Analyzer during compilation ; On                 ; On                 ;
; Enable compact report table                                      ; Off                ; Off                ;
; Restructure Multiplexers                                         ; Auto               ; Auto               ;
; Create Debugging Nodes for IP Cores                              ; Off                ; Off                ;
; Preserve fewer node names                                        ; On                 ; On                 ;
; Intel FPGA IP Evaluation Mode                                    ; Enable             ; Enable             ;
; Verilog Version                                                  ; Verilog_2001       ; Verilog_2001       ;
; VHDL Version                                                     ; VHDL_1993          ; VHDL_1993          ;
; State Machine Processing                                         ; Auto               ; Auto               ;
; Safe State Machine                                               ; Off                ; Off                ;
; Extract Verilog State Machines                                   ; On                 ; On                 ;
; Extract VHDL State Machines                                      ; On                 ; On                 ;
; Ignore Verilog initial constructs                                ; Off                ; Off                ;
; Iteration limit for constant Verilog loops                       ; 5000               ; 5000               ;
; Iteration limit for non-constant Verilog loops                   ; 250                ; 250                ;
; Add Pass-Through Logic to Inferred RAMs                          ; On                 ; On                 ;
; Infer RAMs from Raw Logic                                        ; On                 ; On                 ;
; Parallel Synthesis                                               ; On                 ; On                 ;
; DSP Block Balancing                                              ; Auto               ; Auto               ;
; NOT Gate Push-Back                                               ; On                 ; On                 ;
; Power-Up Don't Care                                              ; On                 ; On                 ;
; Remove Redundant Logic Cells                                     ; Off                ; Off                ;
; Remove Duplicate Registers                                       ; On                 ; On                 ;
; Ignore CARRY Buffers                                             ; Off                ; Off                ;
; Ignore CASCADE Buffers                                           ; Off                ; Off                ;
; Ignore GLOBAL Buffers                                            ; Off                ; Off                ;
; Ignore ROW GLOBAL Buffers                                        ; Off                ; Off                ;
; Ignore LCELL Buffers                                             ; Off                ; Off                ;
; Ignore SOFT Buffers                                              ; On                 ; On                 ;
; Limit AHDL Integers to 32 Bits                                   ; Off                ; Off                ;
; Optimization Technique                                           ; Balanced           ; Balanced           ;
; Carry Chain Length                                               ; 70                 ; 70                 ;
; Auto Carry Chains                                                ; On                 ; On                 ;
; Auto Open-Drain Pins                                             ; On                 ; On                 ;
; Perform WYSIWYG Primitive Resynthesis                            ; Off                ; Off                ;
; Auto ROM Replacement                                             ; On                 ; On                 ;
; Auto RAM Replacement                                             ; On                 ; On                 ;
; Auto DSP Block Replacement                                       ; On                 ; On                 ;
; Auto Shift Register Replacement                                  ; Auto               ; Auto               ;
; Allow Shift Register Merging across Hierarchies                  ; Auto               ; Auto               ;
; Auto Clock Enable Replacement                                    ; On                 ; On                 ;
; Strict RAM Replacement                                           ; Off                ; Off                ;
; Allow Synchronous Control Signals                                ; On                 ; On                 ;
; Force Use of Synchronous Clear Signals                           ; Off                ; Off                ;
; Auto RAM Block Balancing                                         ; On                 ; On                 ;
; Auto RAM to Logic Cell Conversion                                ; Off                ; Off                ;
; Auto Resource Sharing                                            ; Off                ; Off                ;
; Allow Any RAM Size For Recognition                               ; Off                ; Off                ;
; Allow Any ROM Size For Recognition                               ; Off                ; Off                ;
; Allow Any Shift Register Size For Recognition                    ; Off                ; Off                ;
; Use LogicLock Constraints during Resource Balancing              ; On                 ; On                 ;
; Ignore translate_off and synthesis_off directives                ; Off                ; Off                ;
; Timing-Driven Synthesis                                          ; On                 ; On                 ;
; Report Parameter Settings                                        ; On                 ; On                 ;
; Report Source Assignments                                        ; On                 ; On                 ;
; Report Connectivity Checks                                       ; On                 ; On                 ;
; Ignore Maximum Fan-Out Assignments                               ; Off                ; Off                ;
; Synchronization Register Chain Length                            ; 2                  ; 2                  ;
; Power Optimization During Synthesis                              ; Normal compilation ; Normal compilation ;
; HDL message level                                                ; Level2             ; Level2             ;
; Suppress Register Optimization Related Messages                  ; Off                ; Off                ;
; Number of Removed Registers Reported in Synthesis Report         ; 5000               ; 5000               ;
; Number of Swept Nodes Reported in Synthesis Report               ; 5000               ; 5000               ;
; Number of Inverted Registers Reported in Synthesis Report        ; 100                ; 100                ;
; Clock MUX Protection                                             ; On                 ; On                 ;
; Auto Gated Clock Conversion                                      ; Off                ; Off                ;
; Block Design Naming                                              ; Auto               ; Auto               ;
; SDC constraint protection                                        ; Off                ; Off                ;
; Synthesis Effort                                                 ; Auto               ; Auto               ;
; Shift Register Replacement - Allow Asynchronous Clear Signal     ; On                 ; On                 ;
; Pre-Mapping Resynthesis Optimization                             ; Off                ; Off                ;
; Analysis & Synthesis Message Level                               ; Medium             ; Medium             ;
; Disable Register Merging Across Hierarchies                      ; Auto               ; Auto               ;
; Resource Aware Inference For Block RAM                           ; On                 ; On                 ;
+------------------------------------------------------------------+--------------------+--------------------+


+------------------------------------------+
; Parallel Compilation                     ;
+----------------------------+-------------+
; Processors                 ; Number      ;
+----------------------------+-------------+
; Number detected on machine ; 32          ;
; Maximum allowed            ; 16          ;
;                            ;             ;
; Average used               ; 1.02        ;
; Maximum used               ; 16          ;
;                            ;             ;
; Usage by Processor         ; % Time Used ;
;     Processor 1            ; 100.0%      ;
;     Processors 2-16        ;   0.1%      ;
+----------------------------+-------------+


+---------------------------------------------------------------------------------------------------------------------------------+
; Analysis & Synthesis Source Files Read                                                                                          ;
+----------------------------------+-----------------+------------------------------+-----------------------------------+---------+
; File Name with User-Entered Path ; Used in Netlist ; File Type                    ; File Name with Absolute Path      ; Library ;
+----------------------------------+-----------------+------------------------------+-----------------------------------+---------+
; uart_5.sv                        ; yes             ; User SystemVerilog HDL File  ; D:/Data Bi/test/uart_5/uart_5.sv  ;         ;
; uart_rx.sv                       ; yes             ; User SystemVerilog HDL File  ; D:/Data Bi/test/uart_5/uart_rx.sv ;         ;
+----------------------------------+-----------------+------------------------------+-----------------------------------+---------+


+-----------------------------------------------------------+
; Analysis & Synthesis Resource Usage Summary               ;
+---------------------------------------------+-------------+
; Resource                                    ; Usage       ;
+---------------------------------------------+-------------+
; Estimated Total logic elements              ; 199         ;
;                                             ;             ;
; Total combinational functions               ; 143         ;
; Logic element usage by number of LUT inputs ;             ;
;     -- 4 input functions                    ; 81          ;
;     -- 3 input functions                    ; 25          ;
;     -- <=2 input functions                  ; 37          ;
;                                             ;             ;
; Logic elements by mode                      ;             ;
;     -- normal mode                          ; 121         ;
;     -- arithmetic mode                      ; 22          ;
;                                             ;             ;
; Total registers                             ; 118         ;
;     -- Dedicated logic registers            ; 118         ;
;     -- I/O registers                        ; 0           ;
;                                             ;             ;
; I/O pins                                    ; 6           ;
;                                             ;             ;
; Embedded Multiplier 9-bit elements          ; 0           ;
;                                             ;             ;
; Maximum fan-out node                        ; rst_n~input ;
; Maximum fan-out                             ; 97          ;
; Total fan-out                               ; 887         ;
; Average fan-out                             ; 3.25        ;
+---------------------------------------------+-------------+


+-------------------------------------------------------------------------------------------------------------------------------------------------------------------------------------------------------------------+
; Analysis & Synthesis Resource Utilization by Entity                                                                                                                                                               ;
+----------------------------+---------------------+---------------------------+-------------+--------------+---------+-----------+------+--------------+------------------------------+-------------+--------------+
; Compilation Hierarchy Node ; Combinational ALUTs ; Dedicated Logic Registers ; Memory Bits ; DSP Elements ; DSP 9x9 ; DSP 18x18 ; Pins ; Virtual Pins ; Full Hierarchy Name          ; Entity Name ; Library Name ;
+----------------------------+---------------------+---------------------------+-------------+--------------+---------+-----------+------+--------------+------------------------------+-------------+--------------+
; |uart_5                    ; 143 (102)           ; 118 (92)                  ; 0           ; 0            ; 0       ; 0         ; 6    ; 0            ; |uart_5                      ; uart_5      ; work         ;
;    |baud_gen:baud|         ; 14 (14)             ; 8 (8)                     ; 0           ; 0            ; 0       ; 0         ; 0    ; 0            ; |uart_5|baud_gen:baud        ; baud_gen    ; work         ;
;    |uart_rx:uart_rx_inst|  ; 27 (27)             ; 18 (18)                   ; 0           ; 0            ; 0       ; 0         ; 0    ; 0            ; |uart_5|uart_rx:uart_rx_inst ; uart_rx     ; work         ;
+----------------------------+---------------------+---------------------------+-------------+--------------+---------+-----------+------+--------------+------------------------------+-------------+--------------+
Note: For table entries with two numbers listed, the numbers in parentheses indicate the number of resources of the given type used by the specific entity alone. The numbers listed outside of parentheses indicate the total resources of the given type used by the specific entity and all of its sub-entities in the hierarchy.


Encoding Type:  One-Hot
+-------------------------------------------------------------------------------------------------------------------------------+
; State Machine - |uart_5|current_state                                                                                         ;
+----------------------------+---------------------+--------------------------+----------------------------+--------------------+
; Name                       ; current_state.LATCH ; current_state.SEND_DIGIT ; current_state.SEND_SEGMENT ; current_state.IDLE ;
+----------------------------+---------------------+--------------------------+----------------------------+--------------------+
; current_state.IDLE         ; 0                   ; 0                        ; 0                          ; 0                  ;
; current_state.SEND_SEGMENT ; 0                   ; 0                        ; 1                          ; 1                  ;
; current_state.SEND_DIGIT   ; 0                   ; 1                        ; 0                          ; 1                  ;
; current_state.LATCH        ; 1                   ; 0                        ; 0                          ; 1                  ;
+----------------------------+---------------------+--------------------------+----------------------------+--------------------+


+----------------------------------------------------------------------------------------------+
; Registers Removed During Synthesis                                                           ;
+---------------------------------------------+------------------------------------------------+
; Register name                               ; Reason for Removal                             ;
+---------------------------------------------+------------------------------------------------+
; uart_rx:uart_rx_inst|state_reg[2..9,11..31] ; Merged with uart_rx:uart_rx_inst|state_reg[10] ;
; uart_rx:uart_rx_inst|state_reg[10]          ; Stuck at GND due to stuck port data_in         ;
; current_state~8                             ; Lost fanout                                    ;
; current_state~9                             ; Lost fanout                                    ;
; delay_cnt[3]                                ; Stuck at GND due to stuck port data_in         ;
; Total Number of Removed Registers = 33      ;                                                ;
+---------------------------------------------+------------------------------------------------+


+------------------------------------------------------+
; General Register Statistics                          ;
+----------------------------------------------+-------+
; Statistic                                    ; Value ;
+----------------------------------------------+-------+
; Total registers                              ; 118   ;
; Number of registers using Synchronous Clear  ; 16    ;
; Number of registers using Synchronous Load   ; 0     ;
; Number of registers using Asynchronous Clear ; 94    ;
; Number of registers using Asynchronous Load  ; 0     ;
; Number of registers using Clock Enable       ; 62    ;
; Number of registers using Preset             ; 0     ;
+----------------------------------------------+-------+


+--------------------------------------------------+
; Inverted Register Statistics                     ;
+----------------------------------------+---------+
; Inverted Register                      ; Fan out ;
+----------------------------------------+---------+
; SCLK~reg0                              ; 1       ;
; RCLK~reg0                              ; 1       ;
; Total number of inverted registers = 2 ;         ;
+----------------------------------------+---------+


+---------------------------------------------------------------------------------------------------------------------------------------------------------+
; Multiplexer Restructuring Statistics (Restructuring Performed)                                                                                          ;
+--------------------+-----------+---------------+----------------------+------------------------+------------+-------------------------------------------+
; Multiplexer Inputs ; Bus Width ; Baseline Area ; Area if Restructured ; Saving if Restructured ; Registered ; Example Multiplexer Output                ;
+--------------------+-----------+---------------+----------------------+------------------------+------------+-------------------------------------------+
; 4:1                ; 2 bits    ; 4 LEs         ; 2 LEs                ; 2 LEs                  ; Yes        ; |uart_5|digit_pos[1]                      ;
; 5:1                ; 3 bits    ; 9 LEs         ; 3 LEs                ; 6 LEs                  ; Yes        ; |uart_5|uart_rx:uart_rx_inst|n_reg[2]     ;
; 6:1                ; 4 bits    ; 16 LEs        ; 4 LEs                ; 12 LEs                 ; Yes        ; |uart_5|bit_cnt[0]                        ;
; 6:1                ; 3 bits    ; 12 LEs        ; 6 LEs                ; 6 LEs                  ; Yes        ; |uart_5|shift_data[4]                     ;
; 6:1                ; 3 bits    ; 12 LEs        ; 6 LEs                ; 6 LEs                  ; Yes        ; |uart_5|shift_data[2]                     ;
; 8:1                ; 3 bits    ; 15 LEs        ; 6 LEs                ; 9 LEs                  ; Yes        ; |uart_5|uart_rx:uart_rx_inst|state_reg[1] ;
; 10:1               ; 4 bits    ; 24 LEs        ; 4 LEs                ; 20 LEs                 ; Yes        ; |uart_5|uart_rx:uart_rx_inst|s_reg[3]     ;
; 4:1                ; 4 bits    ; 8 LEs         ; 8 LEs                ; 0 LEs                  ; No         ; |uart_5|Mux3                              ;
; 3:1                ; 4 bits    ; 8 LEs         ; 8 LEs                ; 0 LEs                  ; No         ; |uart_5|delay_cnt                         ;
; 6:1                ; 2 bits    ; 8 LEs         ; 4 LEs                ; 4 LEs                  ; No         ; |uart_5|Selector17                        ;
+--------------------+-----------+---------------+----------------------+------------------------+------------+-------------------------------------------+


+------------------------------------------------------------+
; Parameter Settings for User Entity Instance: baud_gen:baud ;
+----------------+-------+-----------------------------------+
; Parameter Name ; Value ; Type                              ;
+----------------+-------+-----------------------------------+
; M              ; 78    ; Signed Integer                    ;
; N              ; 8     ; Signed Integer                    ;
+----------------+-------+-----------------------------------+
Note: In order to hide this table in the UI and the text report file, please set the "Show Parameter Settings in Synthesis Report" option in "Analysis and Synthesis Settings -> More Settings" to "Off".


+-------------------------------------------------------------------+
; Parameter Settings for User Entity Instance: uart_rx:uart_rx_inst ;
+----------------+-------+------------------------------------------+
; Parameter Name ; Value ; Type                                     ;
+----------------+-------+------------------------------------------+
; DBIT           ; 8     ; Signed Integer                           ;
; SB_TICK        ; 16    ; Signed Integer                           ;
+----------------+-------+------------------------------------------+
Note: In order to hide this table in the UI and the text report file, please set the "Show Parameter Settings in Synthesis Report" option in "Analysis and Synthesis Settings -> More Settings" to "Off".


+-----------------------------------------------------+
; Post-Synthesis Netlist Statistics for Top Partition ;
+-----------------------+-----------------------------+
; Type                  ; Count                       ;
+-----------------------+-----------------------------+
; boundary_port         ; 6                           ;
; cycloneiii_ff         ; 118                         ;
;     CLR               ; 40                          ;
;     CLR SCLR          ; 16                          ;
;     ENA               ; 24                          ;
;     ENA CLR           ; 38                          ;
; cycloneiii_lcell_comb ; 145                         ;
;     arith             ; 22                          ;
;         2 data inputs ; 22                          ;
;     normal            ; 123                         ;
;         1 data inputs ; 5                           ;
;         2 data inputs ; 12                          ;
;         3 data inputs ; 25                          ;
;         4 data inputs ; 81                          ;
;                       ;                             ;
; Max LUT depth         ; 5.00                        ;
; Average LUT depth     ; 2.56                        ;
+-----------------------+-----------------------------+


+-------------------------------+
; Elapsed Time Per Partition    ;
+----------------+--------------+
; Partition Name ; Elapsed Time ;
+----------------+--------------+
; Top            ; 00:00:01     ;
+----------------+--------------+


+-------------------------------+
; Analysis & Synthesis Messages ;
+-------------------------------+
Info: *******************************************************************
Info: Running Quartus Prime Analysis & Synthesis
    Info: Version 21.1.0 Build 842 10/21/2021 SJ Lite Edition
    Info: Processing started: Fri Aug 22 03:32:50 2025
Info: Command: quartus_map --read_settings_files=on --write_settings_files=off uart_5 -c uart_5
Warning (18236): Number of processors has not been specified which may cause overloading on shared machines.  Set the global assignment NUM_PARALLEL_PROCESSORS in your QSF to an appropriate value for best performance.
Info (20030): Parallel compilation is enabled and will use 16 of the 24 processors detected
Info (12021): Found 1 design units, including 1 entities, in source file uart_5.sv
    Info (12023): Found entity 1: uart_5 File: D:/Data Bi/test/uart_5/uart_5.sv Line: 1
Info (12021): Found 2 design units, including 2 entities, in source file uart_rx.sv
    Info (12023): Found entity 1: baud_gen File: D:/Data Bi/test/uart_5/uart_rx.sv Line: 2
    Info (12023): Found entity 2: uart_rx File: D:/Data Bi/test/uart_5/uart_rx.sv Line: 25
Info (12127): Elaborating entity "uart_5" for the top level hierarchy
Warning (10036): Verilog HDL or VHDL warning at uart_5.sv(47): object "counter" assigned a value but never read File: D:/Data Bi/test/uart_5/uart_5.sv Line: 47
Warning (10230): Verilog HDL assignment warning at uart_5.sv(106): truncated value with size 32 to match size of target (1) File: D:/Data Bi/test/uart_5/uart_5.sv Line: 106
Warning (10230): Verilog HDL assignment warning at uart_5.sv(124): truncated value with size 8 to match size of target (4) File: D:/Data Bi/test/uart_5/uart_5.sv Line: 124
Warning (10230): Verilog HDL assignment warning at uart_5.sv(126): truncated value with size 32 to match size of target (2) File: D:/Data Bi/test/uart_5/uart_5.sv Line: 126
Warning (10230): Verilog HDL assignment warning at uart_5.sv(143): truncated value with size 32 to match size of target (16) File: D:/Data Bi/test/uart_5/uart_5.sv Line: 143
Warning (10230): Verilog HDL assignment warning at uart_5.sv(178): truncated value with size 32 to match size of target (4) File: D:/Data Bi/test/uart_5/uart_5.sv Line: 178
Warning (10230): Verilog HDL assignment warning at uart_5.sv(182): truncated value with size 32 to match size of target (4) File: D:/Data Bi/test/uart_5/uart_5.sv Line: 182
Warning (10230): Verilog HDL assignment warning at uart_5.sv(197): truncated value with size 32 to match size of target (4) File: D:/Data Bi/test/uart_5/uart_5.sv Line: 197
Warning (10230): Verilog HDL assignment warning at uart_5.sv(201): truncated value with size 32 to match size of target (4) File: D:/Data Bi/test/uart_5/uart_5.sv Line: 201
Warning (10230): Verilog HDL assignment warning at uart_5.sv(207): truncated value with size 32 to match size of target (4) File: D:/Data Bi/test/uart_5/uart_5.sv Line: 207
Warning (10230): Verilog HDL assignment warning at uart_5.sv(216): truncated value with size 32 to match size of target (2) File: D:/Data Bi/test/uart_5/uart_5.sv Line: 216
Warning (10030): Net "LED_0F.data_a" at uart_5.sv(38) has no driver or initial value, using a default initial value '0' File: D:/Data Bi/test/uart_5/uart_5.sv Line: 38
Warning (10030): Net "LED_0F.waddr_a" at uart_5.sv(38) has no driver or initial value, using a default initial value '0' File: D:/Data Bi/test/uart_5/uart_5.sv Line: 38
Warning (10030): Net "digit_select.data_a" at uart_5.sv(55) has no driver or initial value, using a default initial value '0' File: D:/Data Bi/test/uart_5/uart_5.sv Line: 55
Warning (10030): Net "digit_select.waddr_a" at uart_5.sv(55) has no driver or initial value, using a default initial value '0' File: D:/Data Bi/test/uart_5/uart_5.sv Line: 55
Warning (10030): Net "LED_0F.we_a" at uart_5.sv(38) has no driver or initial value, using a default initial value '0' File: D:/Data Bi/test/uart_5/uart_5.sv Line: 38
Warning (10030): Net "digit_select.we_a" at uart_5.sv(55) has no driver or initial value, using a default initial value '0' File: D:/Data Bi/test/uart_5/uart_5.sv Line: 55
Info (12128): Elaborating entity "baud_gen" for hierarchy "baud_gen:baud" File: D:/Data Bi/test/uart_5/uart_5.sv Line: 77
Warning (10230): Verilog HDL assignment warning at uart_rx.sv(17): truncated value with size 32 to match size of target (8) File: D:/Data Bi/test/uart_5/uart_rx.sv Line: 17
Info (12128): Elaborating entity "uart_rx" for hierarchy "uart_rx:uart_rx_inst" File: D:/Data Bi/test/uart_5/uart_5.sv Line: 85
Warning (10230): Verilog HDL assignment warning at uart_rx.sv(79): truncated value with size 32 to match size of target (4) File: D:/Data Bi/test/uart_5/uart_rx.sv Line: 79
Warning (10230): Verilog HDL assignment warning at uart_rx.sv(88): truncated value with size 32 to match size of target (3) File: D:/Data Bi/test/uart_5/uart_rx.sv Line: 88
Warning (10230): Verilog HDL assignment warning at uart_rx.sv(91): truncated value with size 32 to match size of target (4) File: D:/Data Bi/test/uart_5/uart_rx.sv Line: 91
Warning (10230): Verilog HDL assignment warning at uart_rx.sv(99): truncated value with size 32 to match size of target (4) File: D:/Data Bi/test/uart_5/uart_rx.sv Line: 99
Info (276014): Found 2 instances of uninferred RAM logic
    Info (276004): RAM logic "digit_select" is uninferred due to inappropriate RAM size File: D:/Data Bi/test/uart_5/uart_5.sv Line: 55
    Info (276004): RAM logic "LED_0F" is uninferred due to inappropriate RAM size File: D:/Data Bi/test/uart_5/uart_5.sv Line: 38
Info (13000): Registers with preset signals will power-up high File: D:/Data Bi/test/uart_5/uart_5.sv Line: 5
Info (13003): DEV_CLRn pin will set, and not reset, register with preset signal due to NOT Gate Push-Back
Info (286030): Timing-Driven Synthesis is running
Info (17049): 2 registers lost all their fanouts during netlist optimizations.
Info (16010): Generating hard_block partition "hard_block:auto_generated_inst"
    Info (16011): Adding 0 node(s), including 0 DDIO, 0 PLL, 0 transceiver and 0 LCELL
Info (21057): Implemented 205 device resources after synthesis - the final resource count might be different
    Info (21058): Implemented 3 input pins
    Info (21059): Implemented 3 output pins
    Info (21061): Implemented 199 logic cells
Info: Quartus Prime Analysis & Synthesis was successful. 0 errors, 23 warnings
    Info: Peak virtual memory: 4845 megabytes
    Info: Processing ended: Fri Aug 22 03:32:59 2025
    Info: Elapsed time: 00:00:09
    Info: Total CPU time (on all processors): 00:00:22


